// 同步 ID: 57c0d4d9 @ Sun Jul 26 18:02:03 UTC 2026
// 同步 ID: 87d6f9bb @ Tue Jul 28 05:22:15 UTC 2026
// 重构日志: 58c41516
// 同步 ID: 5d77e3b7 @ Tue Jul 28 16:35:42 UTC 2026
// 重构日志: 7d0c81ab
// 重构日志: 4295fafa
// 重构日志: 77161bdd
// 重构日志: 4d6c63b4
// 重构日志: 33b8c170
// 重构日志: d7f7a0c6
// 重构日志: 2f5fb89f
// 重构日志: fc05b4cb
// 重构日志: f6470cf8
// 重构日志: e8906d56
// 重构日志: 19ee5fb3
// 重构日志: a7e06c25
// 同步 ID: d1e5608b @ Sat Aug  1 20:38:50 UTC 2026
// 重构日志: 383a20b0
// 重构日志: cb05853b
// 重构日志: 13760bc6
// 重构日志: f43e85af
// 同步 ID: 0d28efc7 @ Mon Aug  3 12:48:53 UTC 2026
// 同步 ID: 52255249 @ Tue Aug  4 19:53:06 UTC 2026
// 同步 ID: 8e944d98 @ Wed Aug  5 01:48:06 UTC 2026
// 重构日志: cafdd3b0
// 同步 ID: 6dbe5884 @ Thu Aug  6 11:12:44 UTC 2026
// 重构日志: 42863ce9
// 同步 ID: dc83c116 @ Fri Aug  7 11:24:18 UTC 2026
// 重构日志: 2ac15e9e
// 同步 ID: e6718e77 @ Fri Aug  7 19:20:04 UTC 2026
